CRITICAL - 2025-10-06 11:56:42 --> Unable to connect to the database.
#0 C:\WORK\BIITEEK\Projects\Forked\Codeignitor-PHP-based-Tax-Invoice-Quotation-Proforma-QuickQuote-Purchase-invoice-management-System\system\Database\BaseConnection.php(618): CodeIgniter\Database\BaseConnection->initialize()
#1 C:\WORK\BIITEEK\Projects\Forked\Codeignitor-PHP-based-Tax-Invoice-Quotation-Proforma-QuickQuote-Purchase-invoice-management-System\system\Database\BaseBuilder.php(1866): CodeIgniter\Database\BaseConnection->query('SELECT *\nFROM `...', Array, false)
#2 C:\WORK\BIITEEK\Projects\Forked\Codeignitor-PHP-based-Tax-Invoice-Quotation-Proforma-QuickQuote-Purchase-invoice-management-System\system\Model.php(247): CodeIgniter\Database\BaseBuilder->get()
#3 C:\WORK\BIITEEK\Projects\Forked\Codeignitor-PHP-based-Tax-Invoice-Quotation-Proforma-QuickQuote-Purchase-invoice-management-System\system\BaseModel.php(624): CodeIgniter\Model->doFirst()
#4 C:\WORK\BIITEEK\Projects\Forked\Codeignitor-PHP-based-Tax-Invoice-Quotation-Proforma-QuickQuote-Purchase-invoice-management-System\app\Controllers\Login.php(46): CodeIgniter\BaseModel->first()
#5 C:\WORK\BIITEEK\Projects\Forked\Codeignitor-PHP-based-Tax-Invoice-Quotation-Proforma-QuickQuote-Purchase-invoice-management-System\system\CodeIgniter.php(936): App\Controllers\Login->userlogin()
#6 C:\WORK\BIITEEK\Projects\Forked\Codeignitor-PHP-based-Tax-Invoice-Quotation-Proforma-QuickQuote-Purchase-invoice-management-System\system\CodeIgniter.php(432): CodeIgniter\CodeIgniter->runController(Object(App\Controllers\Login))
#7 C:\WORK\BIITEEK\Projects\Forked\Codeignitor-PHP-based-Tax-Invoice-Quotation-Proforma-QuickQuote-Purchase-invoice-management-System\system\CodeIgniter.php(333): CodeIgniter\CodeIgniter->handleRequest(NULL, Object(Config\Cache), false)
#8 C:\WORK\BIITEEK\Projects\Forked\Codeignitor-PHP-based-Tax-Invoice-Quotation-Proforma-QuickQuote-Purchase-invoice-management-System\index.php(44): CodeIgniter\CodeIgniter->run()
#9 {main}
CRITICAL - 2025-10-06 11:56:48 --> Unable to connect to the database.
#0 C:\WORK\BIITEEK\Projects\Forked\Codeignitor-PHP-based-Tax-Invoice-Quotation-Proforma-QuickQuote-Purchase-invoice-management-System\system\Database\BaseConnection.php(618): CodeIgniter\Database\BaseConnection->initialize()
#1 C:\WORK\BIITEEK\Projects\Forked\Codeignitor-PHP-based-Tax-Invoice-Quotation-Proforma-QuickQuote-Purchase-invoice-management-System\system\Database\BaseBuilder.php(1866): CodeIgniter\Database\BaseConnection->query('SELECT *\nFROM `...', Array, false)
#2 C:\WORK\BIITEEK\Projects\Forked\Codeignitor-PHP-based-Tax-Invoice-Quotation-Proforma-QuickQuote-Purchase-invoice-management-System\system\Model.php(247): CodeIgniter\Database\BaseBuilder->get()
#3 C:\WORK\BIITEEK\Projects\Forked\Codeignitor-PHP-based-Tax-Invoice-Quotation-Proforma-QuickQuote-Purchase-invoice-management-System\system\BaseModel.php(624): CodeIgniter\Model->doFirst()
#4 C:\WORK\BIITEEK\Projects\Forked\Codeignitor-PHP-based-Tax-Invoice-Quotation-Proforma-QuickQuote-Purchase-invoice-management-System\app\Controllers\Login.php(46): CodeIgniter\BaseModel->first()
#5 C:\WORK\BIITEEK\Projects\Forked\Codeignitor-PHP-based-Tax-Invoice-Quotation-Proforma-QuickQuote-Purchase-invoice-management-System\system\CodeIgniter.php(936): App\Controllers\Login->userlogin()
#6 C:\WORK\BIITEEK\Projects\Forked\Codeignitor-PHP-based-Tax-Invoice-Quotation-Proforma-QuickQuote-Purchase-invoice-management-System\system\CodeIgniter.php(432): CodeIgniter\CodeIgniter->runController(Object(App\Controllers\Login))
#7 C:\WORK\BIITEEK\Projects\Forked\Codeignitor-PHP-based-Tax-Invoice-Quotation-Proforma-QuickQuote-Purchase-invoice-management-System\system\CodeIgniter.php(333): CodeIgniter\CodeIgniter->handleRequest(NULL, Object(Config\Cache), false)
#8 C:\WORK\BIITEEK\Projects\Forked\Codeignitor-PHP-based-Tax-Invoice-Quotation-Proforma-QuickQuote-Purchase-invoice-management-System\index.php(44): CodeIgniter\CodeIgniter->run()
#9 {main}
CRITICAL - 2025-10-06 11:56:53 --> Unable to connect to the database.
#0 C:\WORK\BIITEEK\Projects\Forked\Codeignitor-PHP-based-Tax-Invoice-Quotation-Proforma-QuickQuote-Purchase-invoice-management-System\system\Database\BaseConnection.php(618): CodeIgniter\Database\BaseConnection->initialize()
#1 C:\WORK\BIITEEK\Projects\Forked\Codeignitor-PHP-based-Tax-Invoice-Quotation-Proforma-QuickQuote-Purchase-invoice-management-System\system\Database\BaseBuilder.php(1866): CodeIgniter\Database\BaseConnection->query('SELECT *\nFROM `...', Array, false)
#2 C:\WORK\BIITEEK\Projects\Forked\Codeignitor-PHP-based-Tax-Invoice-Quotation-Proforma-QuickQuote-Purchase-invoice-management-System\system\Model.php(247): CodeIgniter\Database\BaseBuilder->get()
#3 C:\WORK\BIITEEK\Projects\Forked\Codeignitor-PHP-based-Tax-Invoice-Quotation-Proforma-QuickQuote-Purchase-invoice-management-System\system\BaseModel.php(624): CodeIgniter\Model->doFirst()
#4 C:\WORK\BIITEEK\Projects\Forked\Codeignitor-PHP-based-Tax-Invoice-Quotation-Proforma-QuickQuote-Purchase-invoice-management-System\app\Controllers\Login.php(46): CodeIgniter\BaseModel->first()
#5 C:\WORK\BIITEEK\Projects\Forked\Codeignitor-PHP-based-Tax-Invoice-Quotation-Proforma-QuickQuote-Purchase-invoice-management-System\system\CodeIgniter.php(936): App\Controllers\Login->userlogin()
#6 C:\WORK\BIITEEK\Projects\Forked\Codeignitor-PHP-based-Tax-Invoice-Quotation-Proforma-QuickQuote-Purchase-invoice-management-System\system\CodeIgniter.php(432): CodeIgniter\CodeIgniter->runController(Object(App\Controllers\Login))
#7 C:\WORK\BIITEEK\Projects\Forked\Codeignitor-PHP-based-Tax-Invoice-Quotation-Proforma-QuickQuote-Purchase-invoice-management-System\system\CodeIgniter.php(333): CodeIgniter\CodeIgniter->handleRequest(NULL, Object(Config\Cache), false)
#8 C:\WORK\BIITEEK\Projects\Forked\Codeignitor-PHP-based-Tax-Invoice-Quotation-Proforma-QuickQuote-Purchase-invoice-management-System\index.php(44): CodeIgniter\CodeIgniter->run()
#9 {main}
CRITICAL - 2025-10-06 11:56:58 --> Unable to connect to the database.
#0 C:\WORK\BIITEEK\Projects\Forked\Codeignitor-PHP-based-Tax-Invoice-Quotation-Proforma-QuickQuote-Purchase-invoice-management-System\system\Database\BaseConnection.php(618): CodeIgniter\Database\BaseConnection->initialize()
#1 C:\WORK\BIITEEK\Projects\Forked\Codeignitor-PHP-based-Tax-Invoice-Quotation-Proforma-QuickQuote-Purchase-invoice-management-System\system\Database\BaseBuilder.php(1866): CodeIgniter\Database\BaseConnection->query('SELECT *\nFROM `...', Array, false)
#2 C:\WORK\BIITEEK\Projects\Forked\Codeignitor-PHP-based-Tax-Invoice-Quotation-Proforma-QuickQuote-Purchase-invoice-management-System\system\Model.php(247): CodeIgniter\Database\BaseBuilder->get()
#3 C:\WORK\BIITEEK\Projects\Forked\Codeignitor-PHP-based-Tax-Invoice-Quotation-Proforma-QuickQuote-Purchase-invoice-management-System\system\BaseModel.php(624): CodeIgniter\Model->doFirst()
#4 C:\WORK\BIITEEK\Projects\Forked\Codeignitor-PHP-based-Tax-Invoice-Quotation-Proforma-QuickQuote-Purchase-invoice-management-System\app\Controllers\Login.php(46): CodeIgniter\BaseModel->first()
#5 C:\WORK\BIITEEK\Projects\Forked\Codeignitor-PHP-based-Tax-Invoice-Quotation-Proforma-QuickQuote-Purchase-invoice-management-System\system\CodeIgniter.php(936): App\Controllers\Login->userlogin()
#6 C:\WORK\BIITEEK\Projects\Forked\Codeignitor-PHP-based-Tax-Invoice-Quotation-Proforma-QuickQuote-Purchase-invoice-management-System\system\CodeIgniter.php(432): CodeIgniter\CodeIgniter->runController(Object(App\Controllers\Login))
#7 C:\WORK\BIITEEK\Projects\Forked\Codeignitor-PHP-based-Tax-Invoice-Quotation-Proforma-QuickQuote-Purchase-invoice-management-System\system\CodeIgniter.php(333): CodeIgniter\CodeIgniter->handleRequest(NULL, Object(Config\Cache), false)
#8 C:\WORK\BIITEEK\Projects\Forked\Codeignitor-PHP-based-Tax-Invoice-Quotation-Proforma-QuickQuote-Purchase-invoice-management-System\index.php(44): CodeIgniter\CodeIgniter->run()
#9 {main}
CRITICAL - 2025-10-06 11:57:02 --> Unable to connect to the database.
#0 C:\WORK\BIITEEK\Projects\Forked\Codeignitor-PHP-based-Tax-Invoice-Quotation-Proforma-QuickQuote-Purchase-invoice-management-System\system\Database\BaseConnection.php(618): CodeIgniter\Database\BaseConnection->initialize()
#1 C:\WORK\BIITEEK\Projects\Forked\Codeignitor-PHP-based-Tax-Invoice-Quotation-Proforma-QuickQuote-Purchase-invoice-management-System\system\Database\BaseBuilder.php(1866): CodeIgniter\Database\BaseConnection->query('SELECT *\nFROM `...', Array, false)
#2 C:\WORK\BIITEEK\Projects\Forked\Codeignitor-PHP-based-Tax-Invoice-Quotation-Proforma-QuickQuote-Purchase-invoice-management-System\system\Model.php(247): CodeIgniter\Database\BaseBuilder->get()
#3 C:\WORK\BIITEEK\Projects\Forked\Codeignitor-PHP-based-Tax-Invoice-Quotation-Proforma-QuickQuote-Purchase-invoice-management-System\system\BaseModel.php(624): CodeIgniter\Model->doFirst()
#4 C:\WORK\BIITEEK\Projects\Forked\Codeignitor-PHP-based-Tax-Invoice-Quotation-Proforma-QuickQuote-Purchase-invoice-management-System\app\Controllers\Login.php(46): CodeIgniter\BaseModel->first()
#5 C:\WORK\BIITEEK\Projects\Forked\Codeignitor-PHP-based-Tax-Invoice-Quotation-Proforma-QuickQuote-Purchase-invoice-management-System\system\CodeIgniter.php(936): App\Controllers\Login->userlogin()
#6 C:\WORK\BIITEEK\Projects\Forked\Codeignitor-PHP-based-Tax-Invoice-Quotation-Proforma-QuickQuote-Purchase-invoice-management-System\system\CodeIgniter.php(432): CodeIgniter\CodeIgniter->runController(Object(App\Controllers\Login))
#7 C:\WORK\BIITEEK\Projects\Forked\Codeignitor-PHP-based-Tax-Invoice-Quotation-Proforma-QuickQuote-Purchase-invoice-management-System\system\CodeIgniter.php(333): CodeIgniter\CodeIgniter->handleRequest(NULL, Object(Config\Cache), false)
#8 C:\WORK\BIITEEK\Projects\Forked\Codeignitor-PHP-based-Tax-Invoice-Quotation-Proforma-QuickQuote-Purchase-invoice-management-System\index.php(44): CodeIgniter\CodeIgniter->run()
#9 {main}
CRITICAL - 2025-10-06 11:57:08 --> Unable to connect to the database.
#0 C:\WORK\BIITEEK\Projects\Forked\Codeignitor-PHP-based-Tax-Invoice-Quotation-Proforma-QuickQuote-Purchase-invoice-management-System\system\Database\BaseConnection.php(618): CodeIgniter\Database\BaseConnection->initialize()
#1 C:\WORK\BIITEEK\Projects\Forked\Codeignitor-PHP-based-Tax-Invoice-Quotation-Proforma-QuickQuote-Purchase-invoice-management-System\system\Database\BaseBuilder.php(1866): CodeIgniter\Database\BaseConnection->query('SELECT *\nFROM `...', Array, false)
#2 C:\WORK\BIITEEK\Projects\Forked\Codeignitor-PHP-based-Tax-Invoice-Quotation-Proforma-QuickQuote-Purchase-invoice-management-System\system\Model.php(247): CodeIgniter\Database\BaseBuilder->get()
#3 C:\WORK\BIITEEK\Projects\Forked\Codeignitor-PHP-based-Tax-Invoice-Quotation-Proforma-QuickQuote-Purchase-invoice-management-System\system\BaseModel.php(624): CodeIgniter\Model->doFirst()
#4 C:\WORK\BIITEEK\Projects\Forked\Codeignitor-PHP-based-Tax-Invoice-Quotation-Proforma-QuickQuote-Purchase-invoice-management-System\app\Controllers\Login.php(46): CodeIgniter\BaseModel->first()
#5 C:\WORK\BIITEEK\Projects\Forked\Codeignitor-PHP-based-Tax-Invoice-Quotation-Proforma-QuickQuote-Purchase-invoice-management-System\system\CodeIgniter.php(936): App\Controllers\Login->userlogin()
#6 C:\WORK\BIITEEK\Projects\Forked\Codeignitor-PHP-based-Tax-Invoice-Quotation-Proforma-QuickQuote-Purchase-invoice-management-System\system\CodeIgniter.php(432): CodeIgniter\CodeIgniter->runController(Object(App\Controllers\Login))
#7 C:\WORK\BIITEEK\Projects\Forked\Codeignitor-PHP-based-Tax-Invoice-Quotation-Proforma-QuickQuote-Purchase-invoice-management-System\system\CodeIgniter.php(333): CodeIgniter\CodeIgniter->handleRequest(NULL, Object(Config\Cache), false)
#8 C:\WORK\BIITEEK\Projects\Forked\Codeignitor-PHP-based-Tax-Invoice-Quotation-Proforma-QuickQuote-Purchase-invoice-management-System\index.php(44): CodeIgniter\CodeIgniter->run()
#9 {main}
CRITICAL - 2025-10-06 11:57:12 --> Unable to connect to the database.
#0 C:\WORK\BIITEEK\Projects\Forked\Codeignitor-PHP-based-Tax-Invoice-Quotation-Proforma-QuickQuote-Purchase-invoice-management-System\system\Database\BaseConnection.php(618): CodeIgniter\Database\BaseConnection->initialize()
#1 C:\WORK\BIITEEK\Projects\Forked\Codeignitor-PHP-based-Tax-Invoice-Quotation-Proforma-QuickQuote-Purchase-invoice-management-System\system\Database\BaseBuilder.php(1866): CodeIgniter\Database\BaseConnection->query('SELECT *\nFROM `...', Array, false)
#2 C:\WORK\BIITEEK\Projects\Forked\Codeignitor-PHP-based-Tax-Invoice-Quotation-Proforma-QuickQuote-Purchase-invoice-management-System\system\Model.php(247): CodeIgniter\Database\BaseBuilder->get()
#3 C:\WORK\BIITEEK\Projects\Forked\Codeignitor-PHP-based-Tax-Invoice-Quotation-Proforma-QuickQuote-Purchase-invoice-management-System\system\BaseModel.php(624): CodeIgniter\Model->doFirst()
#4 C:\WORK\BIITEEK\Projects\Forked\Codeignitor-PHP-based-Tax-Invoice-Quotation-Proforma-QuickQuote-Purchase-invoice-management-System\app\Controllers\Login.php(46): CodeIgniter\BaseModel->first()
#5 C:\WORK\BIITEEK\Projects\Forked\Codeignitor-PHP-based-Tax-Invoice-Quotation-Proforma-QuickQuote-Purchase-invoice-management-System\system\CodeIgniter.php(936): App\Controllers\Login->userlogin()
#6 C:\WORK\BIITEEK\Projects\Forked\Codeignitor-PHP-based-Tax-Invoice-Quotation-Proforma-QuickQuote-Purchase-invoice-management-System\system\CodeIgniter.php(432): CodeIgniter\CodeIgniter->runController(Object(App\Controllers\Login))
#7 C:\WORK\BIITEEK\Projects\Forked\Codeignitor-PHP-based-Tax-Invoice-Quotation-Proforma-QuickQuote-Purchase-invoice-management-System\system\CodeIgniter.php(333): CodeIgniter\CodeIgniter->handleRequest(NULL, Object(Config\Cache), false)
#8 C:\WORK\BIITEEK\Projects\Forked\Codeignitor-PHP-based-Tax-Invoice-Quotation-Proforma-QuickQuote-Purchase-invoice-management-System\index.php(44): CodeIgniter\CodeIgniter->run()
#9 {main}
CRITICAL - 2025-10-06 11:57:17 --> Unable to connect to the database.
#0 C:\WORK\BIITEEK\Projects\Forked\Codeignitor-PHP-based-Tax-Invoice-Quotation-Proforma-QuickQuote-Purchase-invoice-management-System\system\Database\BaseConnection.php(618): CodeIgniter\Database\BaseConnection->initialize()
#1 C:\WORK\BIITEEK\Projects\Forked\Codeignitor-PHP-based-Tax-Invoice-Quotation-Proforma-QuickQuote-Purchase-invoice-management-System\system\Database\BaseBuilder.php(1866): CodeIgniter\Database\BaseConnection->query('SELECT *\nFROM `...', Array, false)
#2 C:\WORK\BIITEEK\Projects\Forked\Codeignitor-PHP-based-Tax-Invoice-Quotation-Proforma-QuickQuote-Purchase-invoice-management-System\system\Model.php(247): CodeIgniter\Database\BaseBuilder->get()
#3 C:\WORK\BIITEEK\Projects\Forked\Codeignitor-PHP-based-Tax-Invoice-Quotation-Proforma-QuickQuote-Purchase-invoice-management-System\system\BaseModel.php(624): CodeIgniter\Model->doFirst()
#4 C:\WORK\BIITEEK\Projects\Forked\Codeignitor-PHP-based-Tax-Invoice-Quotation-Proforma-QuickQuote-Purchase-invoice-management-System\app\Controllers\Login.php(46): CodeIgniter\BaseModel->first()
#5 C:\WORK\BIITEEK\Projects\Forked\Codeignitor-PHP-based-Tax-Invoice-Quotation-Proforma-QuickQuote-Purchase-invoice-management-System\system\CodeIgniter.php(936): App\Controllers\Login->userlogin()
#6 C:\WORK\BIITEEK\Projects\Forked\Codeignitor-PHP-based-Tax-Invoice-Quotation-Proforma-QuickQuote-Purchase-invoice-management-System\system\CodeIgniter.php(432): CodeIgniter\CodeIgniter->runController(Object(App\Controllers\Login))
#7 C:\WORK\BIITEEK\Projects\Forked\Codeignitor-PHP-based-Tax-Invoice-Quotation-Proforma-QuickQuote-Purchase-invoice-management-System\system\CodeIgniter.php(333): CodeIgniter\CodeIgniter->handleRequest(NULL, Object(Config\Cache), false)
#8 C:\WORK\BIITEEK\Projects\Forked\Codeignitor-PHP-based-Tax-Invoice-Quotation-Proforma-QuickQuote-Purchase-invoice-management-System\index.php(44): CodeIgniter\CodeIgniter->run()
#9 {main}
CRITICAL - 2025-10-06 12:04:38 --> Unknown column 'vat_amount' in 'field list'
#0 C:\WORK\BIITEEK\Projects\Forked\Codeignitor-PHP-based-Tax-Invoice-Quotation-Proforma-QuickQuote-Purchase-invoice-management-System\system\Database\MySQLi\Connection.php(314): mysqli->query('INSERT INTO `pr...')
#1 C:\WORK\BIITEEK\Projects\Forked\Codeignitor-PHP-based-Tax-Invoice-Quotation-Proforma-QuickQuote-Purchase-invoice-management-System\system\Database\BaseConnection.php(713): CodeIgniter\Database\MySQLi\Connection->execute('INSERT INTO `pr...')
#2 C:\WORK\BIITEEK\Projects\Forked\Codeignitor-PHP-based-Tax-Invoice-Quotation-Proforma-QuickQuote-Purchase-invoice-management-System\system\Database\BaseConnection.php(641): CodeIgniter\Database\BaseConnection->simpleQuery('INSERT INTO `pr...')
#3 C:\WORK\BIITEEK\Projects\Forked\Codeignitor-PHP-based-Tax-Invoice-Quotation-Proforma-QuickQuote-Purchase-invoice-management-System\system\Database\BaseBuilder.php(2107): CodeIgniter\Database\BaseConnection->query('INSERT INTO `pr...', Array, false)
#4 C:\WORK\BIITEEK\Projects\Forked\Codeignitor-PHP-based-Tax-Invoice-Quotation-Proforma-QuickQuote-Purchase-invoice-management-System\system\Model.php(323): CodeIgniter\Database\BaseBuilder->insertBatch(Array, NULL, 100)
#5 C:\WORK\BIITEEK\Projects\Forked\Codeignitor-PHP-based-Tax-Invoice-Quotation-Proforma-QuickQuote-Purchase-invoice-management-System\system\BaseModel.php(843): CodeIgniter\Model->doInsertBatch(Array, NULL, 100, false)
#6 C:\WORK\BIITEEK\Projects\Forked\Codeignitor-PHP-based-Tax-Invoice-Quotation-Proforma-QuickQuote-Purchase-invoice-management-System\app\Controllers\Proinv.php(1141): CodeIgniter\BaseModel->insertBatch(Array)
#7 C:\WORK\BIITEEK\Projects\Forked\Codeignitor-PHP-based-Tax-Invoice-Quotation-Proforma-QuickQuote-Purchase-invoice-management-System\system\CodeIgniter.php(936): App\Controllers\Proinv->insert()
#8 C:\WORK\BIITEEK\Projects\Forked\Codeignitor-PHP-based-Tax-Invoice-Quotation-Proforma-QuickQuote-Purchase-invoice-management-System\system\CodeIgniter.php(432): CodeIgniter\CodeIgniter->runController(Object(App\Controllers\Proinv))
#9 C:\WORK\BIITEEK\Projects\Forked\Codeignitor-PHP-based-Tax-Invoice-Quotation-Proforma-QuickQuote-Purchase-invoice-management-System\system\CodeIgniter.php(333): CodeIgniter\CodeIgniter->handleRequest(NULL, Object(Config\Cache), false)
#10 C:\WORK\BIITEEK\Projects\Forked\Codeignitor-PHP-based-Tax-Invoice-Quotation-Proforma-QuickQuote-Purchase-invoice-management-System\index.php(44): CodeIgniter\CodeIgniter->run()
#11 {main}
CRITICAL - 2025-10-06 12:04:39 --> Unknown column 'vat_amount' in 'field list'
#0 C:\WORK\BIITEEK\Projects\Forked\Codeignitor-PHP-based-Tax-Invoice-Quotation-Proforma-QuickQuote-Purchase-invoice-management-System\system\Database\MySQLi\Connection.php(314): mysqli->query('INSERT INTO `pr...')
#1 C:\WORK\BIITEEK\Projects\Forked\Codeignitor-PHP-based-Tax-Invoice-Quotation-Proforma-QuickQuote-Purchase-invoice-management-System\system\Database\BaseConnection.php(713): CodeIgniter\Database\MySQLi\Connection->execute('INSERT INTO `pr...')
#2 C:\WORK\BIITEEK\Projects\Forked\Codeignitor-PHP-based-Tax-Invoice-Quotation-Proforma-QuickQuote-Purchase-invoice-management-System\system\Database\BaseConnection.php(641): CodeIgniter\Database\BaseConnection->simpleQuery('INSERT INTO `pr...')
#3 C:\WORK\BIITEEK\Projects\Forked\Codeignitor-PHP-based-Tax-Invoice-Quotation-Proforma-QuickQuote-Purchase-invoice-management-System\system\Database\BaseBuilder.php(2107): CodeIgniter\Database\BaseConnection->query('INSERT INTO `pr...', Array, false)
#4 C:\WORK\BIITEEK\Projects\Forked\Codeignitor-PHP-based-Tax-Invoice-Quotation-Proforma-QuickQuote-Purchase-invoice-management-System\system\Model.php(323): CodeIgniter\Database\BaseBuilder->insertBatch(Array, NULL, 100)
#5 C:\WORK\BIITEEK\Projects\Forked\Codeignitor-PHP-based-Tax-Invoice-Quotation-Proforma-QuickQuote-Purchase-invoice-management-System\system\BaseModel.php(843): CodeIgniter\Model->doInsertBatch(Array, NULL, 100, false)
#6 C:\WORK\BIITEEK\Projects\Forked\Codeignitor-PHP-based-Tax-Invoice-Quotation-Proforma-QuickQuote-Purchase-invoice-management-System\app\Controllers\Proinv.php(1141): CodeIgniter\BaseModel->insertBatch(Array)
#7 C:\WORK\BIITEEK\Projects\Forked\Codeignitor-PHP-based-Tax-Invoice-Quotation-Proforma-QuickQuote-Purchase-invoice-management-System\system\CodeIgniter.php(936): App\Controllers\Proinv->insert()
#8 C:\WORK\BIITEEK\Projects\Forked\Codeignitor-PHP-based-Tax-Invoice-Quotation-Proforma-QuickQuote-Purchase-invoice-management-System\system\CodeIgniter.php(432): CodeIgniter\CodeIgniter->runController(Object(App\Controllers\Proinv))
#9 C:\WORK\BIITEEK\Projects\Forked\Codeignitor-PHP-based-Tax-Invoice-Quotation-Proforma-QuickQuote-Purchase-invoice-management-System\system\CodeIgniter.php(333): CodeIgniter\CodeIgniter->handleRequest(NULL, Object(Config\Cache), false)
#10 C:\WORK\BIITEEK\Projects\Forked\Codeignitor-PHP-based-Tax-Invoice-Quotation-Proforma-QuickQuote-Purchase-invoice-management-System\index.php(44): CodeIgniter\CodeIgniter->run()
#11 {main}
CRITICAL - 2025-10-06 12:04:42 --> Unknown column 'vat_amount' in 'field list'
#0 C:\WORK\BIITEEK\Projects\Forked\Codeignitor-PHP-based-Tax-Invoice-Quotation-Proforma-QuickQuote-Purchase-invoice-management-System\system\Database\MySQLi\Connection.php(314): mysqli->query('INSERT INTO `pr...')
#1 C:\WORK\BIITEEK\Projects\Forked\Codeignitor-PHP-based-Tax-Invoice-Quotation-Proforma-QuickQuote-Purchase-invoice-management-System\system\Database\BaseConnection.php(713): CodeIgniter\Database\MySQLi\Connection->execute('INSERT INTO `pr...')
#2 C:\WORK\BIITEEK\Projects\Forked\Codeignitor-PHP-based-Tax-Invoice-Quotation-Proforma-QuickQuote-Purchase-invoice-management-System\system\Database\BaseConnection.php(641): CodeIgniter\Database\BaseConnection->simpleQuery('INSERT INTO `pr...')
#3 C:\WORK\BIITEEK\Projects\Forked\Codeignitor-PHP-based-Tax-Invoice-Quotation-Proforma-QuickQuote-Purchase-invoice-management-System\system\Database\BaseBuilder.php(2107): CodeIgniter\Database\BaseConnection->query('INSERT INTO `pr...', Array, false)
#4 C:\WORK\BIITEEK\Projects\Forked\Codeignitor-PHP-based-Tax-Invoice-Quotation-Proforma-QuickQuote-Purchase-invoice-management-System\system\Model.php(323): CodeIgniter\Database\BaseBuilder->insertBatch(Array, NULL, 100)
#5 C:\WORK\BIITEEK\Projects\Forked\Codeignitor-PHP-based-Tax-Invoice-Quotation-Proforma-QuickQuote-Purchase-invoice-management-System\system\BaseModel.php(843): CodeIgniter\Model->doInsertBatch(Array, NULL, 100, false)
#6 C:\WORK\BIITEEK\Projects\Forked\Codeignitor-PHP-based-Tax-Invoice-Quotation-Proforma-QuickQuote-Purchase-invoice-management-System\app\Controllers\Proinv.php(1141): CodeIgniter\BaseModel->insertBatch(Array)
#7 C:\WORK\BIITEEK\Projects\Forked\Codeignitor-PHP-based-Tax-Invoice-Quotation-Proforma-QuickQuote-Purchase-invoice-management-System\system\CodeIgniter.php(936): App\Controllers\Proinv->insert()
#8 C:\WORK\BIITEEK\Projects\Forked\Codeignitor-PHP-based-Tax-Invoice-Quotation-Proforma-QuickQuote-Purchase-invoice-management-System\system\CodeIgniter.php(432): CodeIgniter\CodeIgniter->runController(Object(App\Controllers\Proinv))
#9 C:\WORK\BIITEEK\Projects\Forked\Codeignitor-PHP-based-Tax-Invoice-Quotation-Proforma-QuickQuote-Purchase-invoice-management-System\system\CodeIgniter.php(333): CodeIgniter\CodeIgniter->handleRequest(NULL, Object(Config\Cache), false)
#10 C:\WORK\BIITEEK\Projects\Forked\Codeignitor-PHP-based-Tax-Invoice-Quotation-Proforma-QuickQuote-Purchase-invoice-management-System\index.php(44): CodeIgniter\CodeIgniter->run()
#11 {main}
